../Core/gen3.c:19:6:send16Bit	16	static
../Core/gen3.c:43:10:receive16Bit	16	static
../Core/gen3.c:174:6:sendMoveBlock.part.0	16	static
../Core/gen3.c:66:6:initLink	16	static
../Core/gen3.c:102:6:sendBlock	16	static
../Core/gen3.c:121:6:sendZeroBlock	8	static
../Core/gen3.c:134:6:sendZero	8	static
../Core/gen3.c:143:6:sendContBlock	16	static
../Core/gen3.c:156:6:copyBlock	8	static
../Core/gen3.c:79:6:waitForUnionRoom	8	static
../Core/gen3.c:111:6:waitForTeamData	16	static
../Core/gen3.c:166:6:handleUnionRoomMovement	8	static
../Core/gen3.c:174:6:sendMoveBlock	0	static
../Core/gen3.c:229:6:loopOfDespair	8	static
../Core/gen3.c:289:6:sendUnionRoomData	264	static
