../Core/Src/main.c:505:13:MX_GPIO_Init	64	static
../Core/Src/main.c:561:6:setPB5Input	24	static
../Core/Src/main.c:570:6:setPB5Output	24	static
../Core/Src/main.c:580:6:send16Bit	0	static
../Core/Src/main.c:604:10:receive16Bit	4	static
../Core/Src/main.c:627:6:initLink	8	static
../Core/Src/main.c:663:6:sendBlock	16	static
../Core/Src/main.c:682:6:sendZeroBlock	8	static
../Core/Src/main.c:695:6:sendZero	8	static
../Core/Src/main.c:704:6:sendContBlock	16	static
../Core/Src/main.c:717:6:copyBlock	8	static
../Core/Src/main.c:640:6:waitForUnionRoom	8	static
../Core/Src/main.c:672:6:waitForTeamData	8	static
../Core/Src/main.c:735:6:sendMoveBlock	16	static
../Core/Src/main.c:727:6:handleUnionRoomMovement	8	static
../Core/Src/main.c:790:6:loopOfDespair	8	static
../Core/Src/main.c:855:6:Error_Handler	0	static,ignoring_inline_asm
../Core/Src/main.c:414:13:MX_TIM1_Init	32	static
../Core/Src/main.c:460:13:MX_USART1_UART_Init	8	static
../Core/Src/main.c:374:6:SystemClock_Config	72	static
../Core/Src/main.c:139:5:main	256	static
